
> frontend@0.0.0 build
> vite build

[36mvite v8.0.3 [32mbuilding client environment for production...[36m[39m
[2K
transforming...Γ£ô 52 modules transformed.
node.exe : [31mΓ£ù[39m 
Build failed in 172ms
At line:1 char:1
+ & "C:\Program 
Files\nodejs/node.exe" 
"C:\Program 
Files\nodejs/node_mo ...
+ ~~~~~~~~~~~~~~~~~~~~~~~~
~~~~~~~~~~~~~~~~~~~~~~~~~~
~~~~~~~~~~~~~~~~~~~
    + CategoryInfo        
      : NotSpecified: (  
  [31mΓ£ù[39m Build fa   
 iled in 172ms:String)    
 [], RemoteException
    + FullyQualifiedError 
   Id : NativeCommandErr  
  or
 
[31merror during build:
[31mBuild failed with 3 
errors:

[31m[builtin:vite-transfo
rm] Error:[0m Invalid 
Unicode escape sequence
     [38;5;246mΓò¡[0m[3
8;5;246mΓöÇ[0m[38;5;246m
[[0m src/pages/Policy.jsx
:456:21 [38;5;246m][0m
     [38;5;246mΓöé[0m
 [38;5;246m456 Γöé[0m 
[38;5;249m 
[0m[38;5;249m 
[0m[38;5;249m 
[0m[38;5;249m 
[0m[38;5;249m 
[0m[38;5;249m [0m[38;5
;249ma[0m[38;5;249m.[0m
[38;5;249md[0m[38;5;249
mo[0m[38;5;249mw[0m[38
;5;249mn[0m[38;5;249ml[
0m[38;5;249mo[0m[38;5;2
49ma[0m[38;5;249md[0m[
38;5;249m [0m[38;5;249m=
[0m[38;5;249m [0m[38;5
;249m\[0m`[38;5;249mp[0
m[38;5;249mo[0m[38;5;24
9ml[0m[38;5;249mi[0m[3
8;5;249mc[0m[38;5;249my
[0m[38;5;249m_[0m[38;5;
249mc[0m[38;5;249me[0m
[38;5;249mr[0m[38;5;249m
t[0m[38;5;249mi[0m[38;
5;249mf[0m[38;5;249mi[0
m[38;5;249mc[0m[38;5;24
9ma[0m[38;5;249mt[0m[3
8;5;249me[0m[38;5;249m_
[0m[38;5;249m\[0m[38;5;
249m$[0m[38;5;249m{[0m
[38;5;249ma[0m[38;5;249m
c[0m[38;5;249mt[0m[38;
5;249mi[0m[38;5;249mv[0
m[38;5;249me[0m[38;5;24
9mP[0m[38;5;249mo[0m[3
8;5;249ml[0m[38;5;249mi
[0m[38;5;249mc[0m[38;5;
249my[0m[38;5;249m.[0m
[38;5;249mi[0m[38;5;249m
d[0m[38;5;249m}[0m[38;
5;249m.[0m[38;5;249mp[0
m[38;5;249md[0m[38;5;24
9mf[0m[38;5;249m\[0m[3
8;5;249m`[0m[38;5;249m;
[0m
 [38;5;240m    Γöé[0m   
                  Γö¼  
 [38;5;240m    Γöé[0m   
                  
Γò░ΓöÇΓöÇ 
[38;5;246mΓöÇΓöÇΓöÇΓöÇΓöÇ
Γò»[0m

[31m[builtin:vite-transfo
rm] Error:[0m Invalid 
Unicode escape sequence
     [38;5;246mΓò¡[0m[3
8;5;246mΓöÇ[0m[38;5;246m
[[0m src/pages/Policy.jsx
:456:42 [38;5;246m][0m
     [38;5;246mΓöé[0m
 [38;5;246m456 Γöé[0m 
[38;5;249m 
[0m[38;5;249m 
[0m[38;5;249m 
[0m[38;5;249m 
[0m[38;5;249m 
[0m[38;5;249m [0m[38;5
;249ma[0m[38;5;249m.[0m
[38;5;249md[0m[38;5;249
mo[0m[38;5;249mw[0m[38
;5;249mn[0m[38;5;249ml[
0m[38;5;249mo[0m[38;5;2
49ma[0m[38;5;249md[0m[
38;5;249m [0m[38;5;249m=
[0m[38;5;249m [0m[38;5
;249m\[0m[38;5;249m`[0m
[38;5;249mp[0m[38;5;249
mo[0m[38;5;249ml[0m[38
;5;249mi[0m[38;5;249mc[
0m[38;5;249my[0m[38;5;2
49m_[0m[38;5;249mc[0m[
38;5;249me[0m[38;5;249mr
[0m[38;5;249mt[0m[38;5
;249mi[0m[38;5;249mf[0m
[38;5;249mi[0m[38;5;249
mc[0m[38;5;249ma[0m[38
;5;249mt[0m[38;5;249me[
0m[38;5;249m_[0m[38;5;2
49m\[0m$[38;5;249m{[0m
[38;5;249ma[0m[38;5;249m
c[0m[38;5;249mt[0m[38;
5;249mi[0m[38;5;249mv[0
m[38;5;249me[0m[38;5;24
9mP[0m[38;5;249mo[0m[3
8;5;249ml[0m[38;5;249mi
[0m[38;5;249mc[0m[38;5;
249my[0m[38;5;249m.[0m
[38;5;249mi[0m[38;5;249m
d[0m[38;5;249m}[0m[38;
5;249m.[0m[38;5;249mp[0
m[38;5;249md[0m[38;5;24
9mf[0m[38;5;249m\[0m[3
8;5;249m`[0m[38;5;249m;
[0m
 [38;5;240m    Γöé[0m   
                          
             Γö¼  
 [38;5;240m    Γöé[0m   
                          
             Γò░ΓöÇΓöÇ 
[38;5;246mΓöÇΓöÇΓöÇΓöÇΓöÇ
Γò»[0m

[31m[builtin:vite-transfo
rm] Error:[0m Invalid 
Unicode escape sequence
     [38;5;246mΓò¡[0m[3
8;5;246mΓöÇ[0m[38;5;246m
[[0m src/pages/Claims.jsx
:130:29 [38;5;246m][0m
     [38;5;246mΓöé[0m
 [38;5;246m130 Γöé[0m 
[38;5;249m 
[0m[38;5;249m 
[0m[38;5;249m 
[0m[38;5;249m 
[0m[38;5;249m 
[0m[38;5;249m 
[0m[38;5;249m 
[0m[38;5;249m 
[0m[38;5;249m 
[0m[38;5;249m [0m[38;5
;249m{[0m[38;5;249mc[0m
[38;5;249ml[0m[38;5;249
ma[0m[38;5;249mi[0m[38
;5;249mm[0m[38;5;249m.[
0m[38;5;249mu[0m[38;5;2
49mp[0m[38;5;249mi[0m[
38;5;249m_[0m[38;5;249mr
[0m[38;5;249me[0m[38;5
;249mf[0m[38;5;249m [0m
[38;5;249m?[0m[38;5;249
m [0m[38;5;249m\[0m`[3
8;5;249m [0m[38;5;249m┬╖
[0m[38;5;249m [0m[38;5
;249mU[0m[38;5;249mP[0m
[38;5;249mI[0m[38;5;249
m:[0m[38;5;249m [0m[38
;5;249m\[0m[38;5;249m$[
0m[38;5;249m{[0m[38;5;2
49mc[0m[38;5;249ml[0m[
38;5;249ma[0m[38;5;249mi
[0m[38;5;249mm[0m[38;5
;249m.[0m[38;5;249mu[0m
[38;5;249mp[0m[38;5;249
mi[0m[38;5;249m_[0m[38
;5;249mr[0m[38;5;249me[
0m[38;5;249mf[0m[38;5;2
49m}[0m[38;5;249m\[0m[
38;5;249m`[0m[38;5;249m 
[0m[38;5;249m:[0m[38;5
;249m [0m[38;5;249m'[0m
[38;5;249m'[0m[38;5;249
m}[0m
 [38;5;240m    Γöé[0m   
                          
Γö¼  
 [38;5;240m    Γöé[0m   
                          
Γò░ΓöÇΓöÇ 
[38;5;246mΓöÇΓöÇΓöÇΓöÇΓöÇ
Γò»[0m
[31m
    at aggregateBindingErr
orsIntoJsError (file:///C:
/Users/Admin/Desktop/Rapid
Cover/frontend/node_module
s/rolldown/dist/shared/err
or-BLhcSyeg.mjs:48:18)
    at 
unwrapBindingResult (file:
///C:/Users/Admin/Desktop/
RapidCover/frontend/node_m
odules/rolldown/dist/share
d/error-BLhcSyeg.mjs:18:12
8)
    at #build (file:///C:/
Users/Admin/Desktop/RapidC
over/frontend/node_modules
/rolldown/dist/shared/roll
down-build-CPrIX9V6.mjs:33
13:34)
    at async 
buildEnvironment (file:///
C:/Users/Admin/Desktop/Rap
idCover/frontend/node_modu
les/vite/dist/node/chunks/
node.js:32849:64)
    at async Object.build 
(file:///C:/Users/Admin/De
sktop/RapidCover/frontend/
node_modules/vite/dist/nod
e/chunks/node.js:33271:19)
    at async 
Object.buildApp (file:///C
:/Users/Admin/Desktop/Rapi
dCover/frontend/node_modul
es/vite/dist/node/chunks/n
ode.js:33268:153)
    at async 
CAC.<anonymous> (file:///C
:/Users/Admin/Desktop/Rapi
dCover/frontend/node_modul
es/vite/dist/node/cli.js:7
78:3) {
  errors: [Getter/Setter]
}[39m
