============================= test session starts =============================
platform win32 -- Python 3.13.5, pytest-9.0.2, pluggy-1.6.0 -- C:\Users\Admin\Desktop\RapidCover\backend\venv\Scripts\python.exe
cachedir: .pytest_cache
rootdir: C:\Users\Admin\Desktop\RapidCover\backend
plugins: anyio-4.13.0, asyncio-1.3.0
asyncio: mode=Mode.STRICT, debug=False, asyncio_default_fixture_loop_scope=None, asyncio_default_test_loop_scope=function
collecting ... collected 14 items

tests/test_partner_experience.py::TestExperienceState::test_returns_null_safe_payload_no_policy_no_trigger FAILED [  7%]
tests/test_partner_experience.py::TestExperienceState::test_zone_alert_present_when_trigger_fired PASSED [ 14%]
tests/test_partner_experience.py::TestExperienceState::test_zone_alert_null_when_trigger_too_old PASSED [ 21%]
tests/test_partner_experience.py::TestExperienceState::test_latest_payout_populated_after_paid_claim PASSED [ 28%]
tests/test_partner_experience.py::TestEligibility::test_gate_blocked_when_no_active_days PASSED [ 35%]
tests/test_partner_experience.py::TestEligibility::test_only_flex_allowed_when_low_activity PASSED [ 42%]
tests/test_partner_experience.py::TestEligibility::test_all_tiers_allowed_with_sufficient_activity PASSED [ 50%]
tests/test_partner_experience.py::TestZoneHistory::test_empty_state_when_no_history PASSED [ 57%]
tests/test_partner_experience.py::TestZoneHistory::test_history_enriched_with_zone_names PASSED [ 64%]
tests/test_partner_experience.py::TestRenewalPreview::test_no_policy_returns_has_policy_false PASSED [ 71%]
tests/test_partner_experience.py::TestRenewalPreview::test_with_policy_returns_breakdown PASSED [ 78%]
tests/test_partner_experience.py::TestPremiumBreakdown::test_returns_itemised_factors PASSED [ 85%]
tests/test_partner_experience.py::TestPremiumBreakdown::test_no_hardcoded_fallback_values PASSED [ 92%]
tests/test_partner_experience.py::TestDrillSimulation::test_paid_claim_surfaces_in_experience_state PASSED [100%]

================================== FAILURES ===================================
___ TestExperienceState.test_returns_null_safe_payload_no_policy_no_trigger ___
Traceback (most recent call last):
  File "C:\Users\Admin\Desktop\RapidCover\backend\venv\Lib\site-packages\_pytest\runner.py", line 353, in from_call
    result: TResult | None = func()
                             ~~~~^^
  File "C:\Users\Admin\Desktop\RapidCover\backend\venv\Lib\site-packages\_pytest\runner.py", line 245, in <lambda>
    lambda: runtest_hook(item=item, **kwds),
            ~~~~~~~~~~~~^^^^^^^^^^^^^^^^^^^
  File "C:\Users\Admin\Desktop\RapidCover\backend\venv\Lib\site-packages\pluggy\_hooks.py", line 512, in __call__
    return self._hookexec(self.name, self._hookimpls.copy(), kwargs, firstresult)
           ~~~~~~~~~~~~~~^^^^^^^^^^^^^^^^^^^^^^^^^^^^^^^^^^^^^^^^^^^^^^^^^^^^^^^^
  File "C:\Users\Admin\Desktop\RapidCover\backend\venv\Lib\site-packages\pluggy\_manager.py", line 120, in _hookexec
    return self._inner_hookexec(hook_name, methods, kwargs, firstresult)
           ~~~~~~~~~~~~~~~~~~~~^^^^^^^^^^^^^^^^^^^^^^^^^^^^^^^^^^^^^^^^^
  File "C:\Users\Admin\Desktop\RapidCover\backend\venv\Lib\site-packages\pluggy\_callers.py", line 167, in _multicall
    raise exception
  File "C:\Users\Admin\Desktop\RapidCover\backend\venv\Lib\site-packages\pluggy\_callers.py", line 139, in _multicall
    teardown.throw(exception)
    ~~~~~~~~~~~~~~^^^^^^^^^^^
  File "C:\Users\Admin\Desktop\RapidCover\backend\venv\Lib\site-packages\_pytest\logging.py", line 850, in pytest_runtest_call
    yield
  File "C:\Users\Admin\Desktop\RapidCover\backend\venv\Lib\site-packages\pluggy\_callers.py", line 139, in _multicall
    teardown.throw(exception)
    ~~~~~~~~~~~~~~^^^^^^^^^^^
  File "C:\Users\Admin\Desktop\RapidCover\backend\venv\Lib\site-packages\_pytest\capture.py", line 900, in pytest_runtest_call
    return (yield)
            ^^^^^
  File "C:\Users\Admin\Desktop\RapidCover\backend\venv\Lib\site-packages\pluggy\_callers.py", line 139, in _multicall
    teardown.throw(exception)
    ~~~~~~~~~~~~~~^^^^^^^^^^^
  File "C:\Users\Admin\Desktop\RapidCover\backend\venv\Lib\site-packages\_pytest\skipping.py", line 268, in pytest_runtest_call
    return (yield)
            ^^^^^
  File "C:\Users\Admin\Desktop\RapidCover\backend\venv\Lib\site-packages\pluggy\_callers.py", line 121, in _multicall
    res = hook_impl.function(*args)
  File "C:\Users\Admin\Desktop\RapidCover\backend\venv\Lib\site-packages\_pytest\runner.py", line 179, in pytest_runtest_call
    item.runtest()
    ~~~~~~~~~~~~^^
  File "C:\Users\Admin\Desktop\RapidCover\backend\venv\Lib\site-packages\_pytest\python.py", line 1720, in runtest
    self.ihook.pytest_pyfunc_call(pyfuncitem=self)
    ~~~~~~~~~~~~~~~~~~~~~~~~~~~~~^^^^^^^^^^^^^^^^^
  File "C:\Users\Admin\Desktop\RapidCover\backend\venv\Lib\site-packages\pluggy\_hooks.py", line 512, in __call__
    return self._hookexec(self.name, self._hookimpls.copy(), kwargs, firstresult)
           ~~~~~~~~~~~~~~^^^^^^^^^^^^^^^^^^^^^^^^^^^^^^^^^^^^^^^^^^^^^^^^^^^^^^^^
  File "C:\Users\Admin\Desktop\RapidCover\backend\venv\Lib\site-packages\pluggy\_manager.py", line 120, in _hookexec
    return self._inner_hookexec(hook_name, methods, kwargs, firstresult)
           ~~~~~~~~~~~~~~~~~~~~^^^^^^^^^^^^^^^^^^^^^^^^^^^^^^^^^^^^^^^^^
  File "C:\Users\Admin\Desktop\RapidCover\backend\venv\Lib\site-packages\pluggy\_callers.py", line 167, in _multicall
    raise exception
  File "C:\Users\Admin\Desktop\RapidCover\backend\venv\Lib\site-packages\pluggy\_callers.py", line 139, in _multicall
    teardown.throw(exception)
    ~~~~~~~~~~~~~~^^^^^^^^^^^
  File "C:\Users\Admin\Desktop\RapidCover\backend\venv\Lib\site-packages\pluggy\_callers.py", line 53, in run_old_style_hookwrapper
    return result.get_result()
           ~~~~~~~~~~~~~~~~~^^
  File "C:\Users\Admin\Desktop\RapidCover\backend\venv\Lib\site-packages\pluggy\_result.py", line 103, in get_result
    raise exc.with_traceback(tb)
  File "C:\Users\Admin\Desktop\RapidCover\backend\venv\Lib\site-packages\pluggy\_callers.py", line 38, in run_old_style_hookwrapper
    res = yield
          ^^^^^
  File "C:\Users\Admin\Desktop\RapidCover\backend\venv\Lib\site-packages\pluggy\_callers.py", line 121, in _multicall
    res = hook_impl.function(*args)
  File "C:\Users\Admin\Desktop\RapidCover\backend\venv\Lib\site-packages\_pytest\python.py", line 166, in pytest_pyfunc_call
    result = testfunction(**testargs)
  File "C:\Users\Admin\Desktop\RapidCover\backend\tests\test_partner_experience.py", line 160, in test_returns_null_safe_payload_no_policy_no_trigger
    zone    = make_zone(db, code="TST-100", phone_suffix="100")
TypeError: make_zone() got an unexpected keyword argument 'phone_suffix'
============================== warnings summary ===============================
app\schemas\kyc.py:19
  C:\Users\Admin\Desktop\RapidCover\backend\app\schemas\kyc.py:19: PydanticDeprecatedSince20: Pydantic V1 style `@validator` validators are deprecated. You should migrate to Pydantic V2 style `@field_validator` validators, see the migration guide for more details. Deprecated in Pydantic V2.0 to be removed in V3.0. See Pydantic V2 Migration Guide at https://errors.pydantic.dev/2.12/migration/
    @validator("aadhaar_number")

app\schemas\kyc.py:28
  C:\Users\Admin\Desktop\RapidCover\backend\app\schemas\kyc.py:28: PydanticDeprecatedSince20: Pydantic V1 style `@validator` validators are deprecated. You should migrate to Pydantic V2 style `@field_validator` validators, see the migration guide for more details. Deprecated in Pydantic V2.0 to be removed in V3.0. See Pydantic V2 Migration Guide at https://errors.pydantic.dev/2.12/migration/
    @validator("pan_number")

app\schemas\kyc.py:14
  C:\Users\Admin\Desktop\RapidCover\backend\app\schemas\kyc.py:14: PydanticDeprecatedSince20: Support for class-based `config` is deprecated, use ConfigDict instead. Deprecated in Pydantic V2.0 to be removed in V3.0. See Pydantic V2 Migration Guide at https://errors.pydantic.dev/2.12/migration/
    class KYCSchema(BaseModel):

app\schemas\partner.py:20
  C:\Users\Admin\Desktop\RapidCover\backend\app\schemas\partner.py:20: PydanticDeprecatedSince20: Pydantic V1 style `@validator` validators are deprecated. You should migrate to Pydantic V2 style `@field_validator` validators, see the migration guide for more details. Deprecated in Pydantic V2.0 to be removed in V3.0. See Pydantic V2 Migration Guide at https://errors.pydantic.dev/2.12/migration/
    @validator("upi_id")

tests/test_partner_experience.py::TestExperienceState::test_zone_alert_present_when_trigger_fired
tests/test_partner_experience.py::TestExperienceState::test_zone_alert_null_when_trigger_too_old
tests/test_partner_experience.py::TestExperienceState::test_latest_payout_populated_after_paid_claim
tests/test_partner_experience.py::TestEligibility::test_only_flex_allowed_when_low_activity
tests/test_partner_experience.py::TestDrillSimulation::test_paid_claim_surfaces_in_experience_state
  C:\Users\Admin\Desktop\RapidCover\backend\tests\test_partner_experience.py:137: DeprecationWarning: datetime.datetime.utcnow() is deprecated and scheduled for removal in a future version. Use timezone-aware objects to represent datetimes in UTC: datetime.datetime.now(datetime.UTC).
    started_at=datetime.utcnow() - timedelta(hours=hours_ago),

tests/test_partner_experience.py::TestExperienceState::test_zone_alert_present_when_trigger_fired
tests/test_partner_experience.py::TestExperienceState::test_zone_alert_null_when_trigger_too_old
tests/test_partner_experience.py::TestExperienceState::test_latest_payout_populated_after_paid_claim
tests/test_partner_experience.py::TestDrillSimulation::test_paid_claim_surfaces_in_experience_state
  C:\Users\Admin\Desktop\RapidCover\backend\app\api\experience.py:140: DeprecationWarning: datetime.datetime.utcnow() is deprecated and scheduled for removal in a future version. Use timezone-aware objects to represent datetimes in UTC: datetime.datetime.now(datetime.UTC).
    since = datetime.utcnow() - timedelta(hours=6)

tests/test_partner_experience.py::TestExperienceState::test_zone_alert_present_when_trigger_fired
tests/test_partner_experience.py::TestExperienceState::test_zone_alert_null_when_trigger_too_old
tests/test_partner_experience.py::TestExperienceState::test_latest_payout_populated_after_paid_claim
tests/test_partner_experience.py::TestRenewalPreview::test_with_policy_returns_breakdown
tests/test_partner_experience.py::TestPremiumBreakdown::test_returns_itemised_factors
tests/test_partner_experience.py::TestPremiumBreakdown::test_no_hardcoded_fallback_values
tests/test_partner_experience.py::TestDrillSimulation::test_paid_claim_surfaces_in_experience_state
  C:\Users\Admin\Desktop\RapidCover\backend\app\api\experience.py:237: DeprecationWarning: datetime.datetime.utcnow() is deprecated and scheduled for removal in a future version. Use timezone-aware objects to represent datetimes in UTC: datetime.datetime.now(datetime.UTC).
    month          = datetime.utcnow().month

tests/test_partner_experience.py::TestExperienceState::test_zone_alert_present_when_trigger_fired
tests/test_partner_experience.py::TestExperienceState::test_zone_alert_null_when_trigger_too_old
tests/test_partner_experience.py::TestExperienceState::test_latest_payout_populated_after_paid_claim
tests/test_partner_experience.py::TestDrillSimulation::test_paid_claim_surfaces_in_experience_state
  C:\Users\Admin\Desktop\RapidCover\backend\app\api\experience.py:297: DeprecationWarning: datetime.datetime.utcnow() is deprecated and scheduled for removal in a future version. Use timezone-aware objects to represent datetimes in UTC: datetime.datetime.now(datetime.UTC).
    "fetched_at":        datetime.utcnow().isoformat(),

tests/test_partner_experience.py::TestExperienceState::test_latest_payout_populated_after_paid_claim
tests/test_partner_experience.py::TestEligibility::test_only_flex_allowed_when_low_activity
tests/test_partner_experience.py::TestEligibility::test_all_tiers_allowed_with_sufficient_activity
tests/test_partner_experience.py::TestEligibility::test_all_tiers_allowed_with_sufficient_activity
tests/test_partner_experience.py::TestRenewalPreview::test_with_policy_returns_breakdown
tests/test_partner_experience.py::TestPremiumBreakdown::test_returns_itemised_factors
tests/test_partner_experience.py::TestPremiumBreakdown::test_no_hardcoded_fallback_values
tests/test_partner_experience.py::TestDrillSimulation::test_paid_claim_surfaces_in_experience_state
  C:\Users\Admin\Desktop\RapidCover\backend\tests\test_partner_experience.py:97: DeprecationWarning: datetime.datetime.utcnow() is deprecated and scheduled for removal in a future version. Use timezone-aware objects to represent datetimes in UTC: datetime.datetime.now(datetime.UTC).
    now = datetime.utcnow() - timedelta(days=days_ago)

tests/test_partner_experience.py::TestExperienceState::test_latest_payout_populated_after_paid_claim
tests/test_partner_experience.py::TestEligibility::test_only_flex_allowed_when_low_activity
tests/test_partner_experience.py::TestEligibility::test_only_flex_allowed_when_low_activity
tests/test_partner_experience.py::TestEligibility::test_only_flex_allowed_when_low_activity
  C:\Users\Admin\Desktop\RapidCover\backend\tests\test_partner_experience.py:124: DeprecationWarning: datetime.datetime.utcnow() is deprecated and scheduled for removal in a future version. Use timezone-aware objects to represent datetimes in UTC: datetime.datetime.now(datetime.UTC).
    paid_at=datetime.utcnow() if status == ClaimStatus.PAID else None,

tests/test_partner_experience.py::TestEligibility::test_gate_blocked_when_no_active_days
tests/test_partner_experience.py::TestEligibility::test_only_flex_allowed_when_low_activity
tests/test_partner_experience.py::TestEligibility::test_all_tiers_allowed_with_sufficient_activity
  C:\Users\Admin\Desktop\RapidCover\backend\app\api\experience.py:60: DeprecationWarning: datetime.datetime.utcnow() is deprecated and scheduled for removal in a future version. Use timezone-aware objects to represent datetimes in UTC: datetime.datetime.now(datetime.UTC).
    since = datetime.utcnow() - timedelta(days=30)

tests/test_partner_experience.py::TestEligibility::test_only_flex_allowed_when_low_activity
tests/test_partner_experience.py::TestEligibility::test_only_flex_allowed_when_low_activity
tests/test_partner_experience.py::TestEligibility::test_only_flex_allowed_when_low_activity
  C:\Users\Admin\Desktop\RapidCover\backend\tests\test_partner_experience.py:257: DeprecationWarning: datetime.datetime.utcnow() is deprecated and scheduled for removal in a future version. Use timezone-aware objects to represent datetimes in UTC: datetime.datetime.now(datetime.UTC).
    claim.created_at = datetime.utcnow() - timedelta(days=i)

tests/test_partner_experience.py::TestZoneHistory::test_history_enriched_with_zone_names
  C:\Users\Admin\Desktop\RapidCover\backend\tests\test_partner_experience.py:314: DeprecationWarning: datetime.datetime.utcnow() is deprecated and scheduled for removal in a future version. Use timezone-aware objects to represent datetimes in UTC: datetime.datetime.now(datetime.UTC).
    "effective_at":     datetime.utcnow().isoformat(),

tests/test_partner_experience.py::TestDrillSimulation::test_paid_claim_surfaces_in_experience_state
  C:\Users\Admin\Desktop\RapidCover\backend\tests\test_partner_experience.py:429: DeprecationWarning: datetime.datetime.utcnow() is deprecated and scheduled for removal in a future version. Use timezone-aware objects to represent datetimes in UTC: datetime.datetime.now(datetime.UTC).
    paid_at           = datetime.utcnow(),

-- Docs: https://docs.pytest.org/en/stable/how-to/capture-warnings.html
=========================== short test summary info ===========================
FAILED tests/test_partner_experience.py::TestExperienceState::test_returns_null_safe_payload_no_policy_no_trigger
================== 1 failed, 13 passed, 44 warnings in 4.15s ==================
